Testing Backend Connection...
Registering test_1769753143818@example.com...
node : Error: {
At line:1 char:1
+ node 
test_integration.cjs 
> test_output.txt 
2>&1
+ ~~~~~~~~~~~~~~~~~~~
~~~~~~~~~~~~~~~~~~~~~
~~~~~~~~
    + CategoryInfo   
           : NotSpe  
  cified: (Error:    
 {:String) [], Re    
moteException
    + FullyQualified 
   ErrorId : Native  
  CommandError
 
  error: '\n' +
    'Invalid `prisma.
user.findUnique()` 
invocation in\n' +
    
'C:\\Users\\ARYAN MAN
ESHWAR\\.gemini\\anti
gravity\\scratch\\Stu
dyOS\\backend\\src\\r
outes\\auth.ts:28:48\
n' +
    '\n' +
    '  25 const data 
= registerSchema.pars
e(req.body);\n' +
    '  26 \n' +
    '  27 // Check 
if user exists\n' +
    'ΓåÆ 28 const 
existingUser = await 
prisma.user.findUniqu
e(\n' +
    'The column 
`User.role` does not 
exist in the current 
database.',
  stack: 'PrismaClien
tKnownRequestError: 
\n' +
    'Invalid `prisma.
user.findUnique()` 
invocation in\n' +
    
'C:\\Users\\ARYAN MAN
ESHWAR\\.gemini\\anti
gravity\\scratch\\Stu
dyOS\\backend\\src\\r
outes\\auth.ts:28:48\
n' +
    '\n' +
    '  25 const data 
= registerSchema.pars
e(req.body);\n' +
    '  26 \n' +
    '  27 // Check 
if user exists\n' +
    'ΓåÆ 28 const 
existingUser = await 
prisma.user.findUniqu
e(\n' +
    'The column 
`User.role` does not 
exist in the current 
database.\n' +
    '    at ei.handle
RequestError 
(C:\\Users\\ARYAN MAN
ESHWAR\\.gemini\\anti
gravity\\scratch\\Stu
dyOS\\backend\\node_m
odules\\@prisma\\clie
nt\\src\\runtime\\Req
uestHandler.ts:228:13
)\n' +
    '    at ei.handle
AndLogRequestError 
(C:\\Users\\ARYAN MAN
ESHWAR\\.gemini\\anti
gravity\\scratch\\Stu
dyOS\\backend\\node_m
odules\\@prisma\\clie
nt\\src\\runtime\\Req
uestHandler.ts:174:12
)\n' +
    '    at 
ei.request 
(C:\\Users\\ARYAN MAN
ESHWAR\\.gemini\\anti
gravity\\scratch\\Stu
dyOS\\backend\\node_m
odules\\@prisma\\clie
nt\\src\\runtime\\Req
uestHandler.ts:143:12
)\n' +
    '    at async a 
(C:\\Users\\ARYAN MAN
ESHWAR\\.gemini\\anti
gravity\\scratch\\Stu
dyOS\\backend\\node_m
odules\\@prisma\\clie
nt\\src\\runtime\\get
PrismaClient.ts:833:2
4)\n' +
    '    at async 
<anonymous> 
(C:\\Users\\ARYAN MAN
ESHWAR\\.gemini\\anti
gravity\\scratch\\Stu
dyOS\\backend\\src\\r
outes\\auth.ts:28:30)
'
}
